../Core/Src/main.c:76:5:main	104	static
../Core/Src/main.c:158:6:SystemClock_Config	72	static
../Core/Src/main.c:198:13:MX_USART1_UART_Init	8	static
../Core/Src/main.c:231:13:MX_USART2_UART_Init	8	static
../Core/Src/main.c:264:13:MX_GPIO_Init	40	static
../Core/Src/main.c:300:6:StartDefaultTask	16	static
../Core/Src/main.c:318:6:modbusMasterSend	24	static
../Core/Src/main.c:345:6:modbusMasterReception	24	static
../Core/Src/main.c:369:6:HAL_TIM_PeriodElapsedCallback	16	static
../Core/Src/main.c:386:6:Error_Handler	4	static,ignoring_inline_asm
