../Core/Src/main.c:76:5:main	104	static
../Core/Src/main.c:158:6:SystemClock_Config	72	static
../Core/Src/main.c:198:13:MX_USART1_UART_Init	8	static
../Core/Src/main.c:231:13:MX_USART2_UART_Init	8	static
../Core/Src/main.c:264:13:MX_GPIO_Init	40	static
../Core/Src/main.c:300:6:StartDefaultTask	16	static
../Core/Src/main.c:320:6:modbusMasterSend	16	static
../Core/Src/main.c:351:6:modbusMasterReception	16	static
../Core/Src/main.c:373:6:HAL_TIM_PeriodElapsedCallback	16	static
../Core/Src/main.c:390:6:Error_Handler	4	static,ignoring_inline_asm
